 limbo.are		Limbo				[    1 -    99]
 builder.are		Builder's Chamber		[  100 -   199]
 moonshae.are		Moonshae Islands		[  200 -   299]
 plainsnorth.are	Plains of the North		[  300 -   399]


 ofcol.are		Ofcol				[  600 -   699]

 savant.are		Savant Village			[  800 -   899]
 olympus.are		Olympus				[  900 -   999]

 shire.are		The Shire			[ 1100 -  1199]
 underdark.are		Underdark			[ 1200 -  1299]
 hightower.are		High Tower of Sorcery		[ 1300 -  1499]
 gnomevillage.are	Gnome Village			[ 1500 -  1599]
 wyvern.are		Wyvern's Tower			[ 1600 -  1699]



 dwarfcatacombs		Dwarven Catacombs		[ 2000 -  2000]
 neighborhood.are	Dangerous Neighborhood		[ 2100 -  2199]
 dragontower.are	Dragon Tower			[ 2200 -  2299]
 keepmahntor		Keep of Mahn-Tor		[ 2300 -  2399]



 antarctica.are		Antarctica			[ 2700 -  2799]
 orcvillage.are		Orc Village			[ 2800 -  2899]
 firenewts.are		Land of the Fire Newts		[ 2900 -  2999]
 midgaard.are		Midgaard			[ 3000 -  3299]
 virtue.are		Tomb of Virtue			[ 3300 -  3399]
 chapelcatacombs.are	Chapel Catacombs		[ 3400 -  3499]
 midennir.are		Miden'nir			[ 3500 -  3599]
 graveyard.are		Graveyard			[ 3600 -  3699]
 training.are		Tower of Training		[ 3700 -  3799]

 elvenempire.are	Elven Empire			[ 3900 -  3999]
 deeve.are		Deeve				[ 4000 -  4099]
 hive.are		Hive				[ 4100 -  4199]
 gateway.are		Gateway to Avernus		[ 4200 -  4299]

 northpole.are		North Pole			[ 4400 -  4549]
 summer.are		Summer Field			[ 4600 -  4699]
 juargan.are		Kingdom of Juargan		[ 4700 -  4799]
 midian.are		Midian				[ 4800 -  4999]
 easterndesert.are	Great Eastern Desert		[ 5000 -  5099]
 drowcity.are		Drow City			[ 5100 -  5199]
 thalos.are		Thalos				[ 5200 -  5299]
 thalosold.are		Old Thalos			[ 5300 -  5399]
 mooncity.are		Moon City			[ 5400 -  5499]
 ofcol.are		Ofcol				[ 5550 -  5599]
 pern.are		Pern				[ 5600 -  5699]
 hartsvale.are		Hartsvale			[ 5700 -  5799]
 netherworld.are	Netherworld			[ 5800 -  5999]
 haondor.are		Haon Dor			[ 6000 -  6199]
 stasisgarden.are	Stasis Garden			[ 6200 -  6299]
 arachnos.are		Arachnos			[ 6300 -  6399]
 gahld.are		Gahld				[ 6400 -  6499]
 dwarfkingdom.are	Dwarven Kingdom			[ 6500 -  6599]
 dwarfdaycare.are	Dwarven Daycare			[ 6600 -  6699]
 neptune.are		Neptune's Garden		[ 6700 -  6899]
 singasenew.are		New Singase			[ 6900 -  6999]
 sewer.are		Sewer				[ 7000 -  7499]
 ethshar.are		Ethshar				[ 7500 -  7699]

 elvenvalley.are	Valley of the Elves		[ 7800 -  7899]

 waterdeep.are		Waterdeep			[ 8000 -  8099]
 raptor.are		Raptor Island			[ 8100 -  8299]
 marsh.are		Old Marsh			[ 8300 -  8399]
 swampland.are		Swamland			[ 8400 -  8499]
 frostmountain.are	Frost Mountain			[ 8500 -  8599]
 machinedreams.are	Machine Dreams			[ 8600 -  8699]


 holygrove.are		Holy Grove			[ 8900 -  8999]
 air.are		The Air				[ 9000 -  9099]

 ecanyon.are		Elemental Canyon		[ 9200 -  9299]

 monsterpit.are		Monster Pit			[ 9400 -  9499]

 greywood.are		Greywood Forest			[ 9600 -  9699]
 rot.are 		Roterodamum			[ 9700 -  9899]
 merc.are		Residence of the Gods		[ 9900 -  9999]
 yggdrasil.are		Yggdrasil			[10000 - 10099]
 arden.are		Forest of Arden			[10100 - 10199]
 bosher.are		Bosher's House			[10200 - 10299]
 kolvir.are		Mount Kolvir			[10300 - 10399]
 polvo.are		Polvo's Palace			[10400 - 10499]
 arena.are		The Arena			[10500 - 10599]
 zanecrypt.are		Zane's Crypt			[10600 - 10699]
 isleofmist.are		The Isle of Mist		[10700 - 10799]
 avernus.are		Avernus				[10800 - 10899]
 mistcity.are		Mist City			[10900 - 10999]
 medusacastle.are	Medusa's Castle			[11000 - 11199]
 menosmaze.are		King Menos' Maze		[11200 - 11299]
 gilikak.are		Gilikak's Mansion		[11300 - 11399]
 oceancity.are		Ocean City			[11400 - 11499]
 tanglewood.are		Tanglewood Forest		[11500 - 11599]
 sundome.are		Sun Dome			[11600 - 11699]
 barrow.are		Barrowlands			[11700 - 11799]
 demise.are		Temple of Demise		[11800 - 11899]
 landofnot.are		Land of Not			[11900 - 11999]
 dungeon.are		The Dungeons			[12000 - 12099]
 elvencity.are		Elven City			[12100 - 12199]
 phoenixpeak.are	Phoenix.Peak			[12200 - 12299]
 gnomeempire.are	Empire of the Gnomes		[12300 - 12399]
 wonderland.are		Wonderland			[12400 - 12499]
 pompeii.are		Pompeii				[12500 - 12599]
 honestbob.are		Honest Bob's			[12600 - 12699]
 vulcano.are		Vulcano				[12700 - 12799]
 bomanz.are		Bomanz' Pathway			[12800 - 12899]
 easterneternal.are	Eastern Eternal			[12900 - 12999]
 plainsfear.are		Plain of Fear			[13000 - 13099]
 shroom.are		Mushroom Forest			[13100 - 13299]
 cityentropy.are	City of Entropy			[13300 - 13399]
 redknight.are		Red Knights' Castle		[13400 - 13499]

 darkempire.are 	Dark Empire			[13600 - 13699]
 sarglam.are		City of Sarglam			[13700 - 13799]
 gaiasdomain.are	Gaia's Domain			[13800 - 13999]
 lostcitadel.are	Lost Citadel			[14000 - 14199]
 valdemar.are		Valdemar			[14200 - 14299]

 alchemist.are		Alchemist Workshop		[14400 - 14499]

 paradise.are		Paradise Island			[14600 - 14799]
 refuge.are		Refuge Tribe			[14800 - 14999]
 landover.are		Landover			[15000 - 15099]
 tethyr.are		Tethyr				[15100 - 15299]
 calimara.are		Calimara			[15300 - 15499]
 atlantis.are		Atlantis			[15500 - 15799]

 trollisland.are	Troll Island			[15900 - 15999]
 griffon.are		Griffon Bank & Travel		[16000 - 16099]
 roads.are		Ancient Roads			[16100 - 17899]
 caravan.are		Dwarven Caravan			[17900 - 17999]



 transylvania.are	Transylvania			[18300 - 18399]
 anasazi.are		Anasazi				[18400 - 18499]




 underworld.are		Underworld			[18900 - 18999]


 kytar.are		Kytar				[19200 - 19399]
 crater.are		Crater				[19400 - 19499]
 paragon.are		Island of Paragon		[19500 - 19699]

 university.are		University			[19800 - 19999]
 castle.are		Castles Castles of Players	[20000 - 20099]


















 kisangani.are		City of Kisangani		[24500 - 24699]
 mictlan.are		Mictlan Region			[24700 - 24999]






















 magiczone.are		Magic Zone			[27200 - 27359]
 cityeternity.are	City of Eternity		[27360 - 27499]
 holyriver.are		Holy River			[27500 - 27699]
 singaseold.are		Old Singase			[27700 - 27811]
 singase.are		Singase Plains			[27816 - 27899]
 zaar.are		Monastery of Zaar Mountain	[27900 - 28099]
 xanth.are		Xanth				[28100 - 28199]
 stasiscastle.are	Stasis Castle			[28200 - 28299]
 stasisdungeon.are	Stasis Dungeon			[28300 - 28399
 faerdale.are		Faerdale			[28400 - 28499]


 piscyra.are		Piscyra				[28700 - 28999]




 hirudinia.are		Hirudinia			[29400 - 29599]


 househorror.are	House of Horrors		[29800 - 29899]

 sharthea.are		Ruins of Sharthea		[30000 - 30099]
 wedding.are		Wedding Chappel			[30100 - 30199]







 guilds.are		Guilds				[30900 - 30999]
 forgotten.are		Realm of the Forgotten		[31000 - 31099]
 dragonhaven.are	Dragon Haven			[31100 - 31199]
 abyssaldepths.are	Abyssal Depths			[31200 - 31699]
 celestial.are		Celestial Hierarchy		[31700 - 31899]

 shire.are		The Shire			[32000 - 32399]



 Nablar.are		Nablar				[30900 - 30999]

 ulmoslanding.are	Elena				[40100 - 40299]



 martherian.are		Martherian Archipelago		[40600 - 40999]












 Wow.are		WoW				[42000 - 42099]
 dreamwood.are		Dreamwood			[42200 - 42299]

 ellyndyll.are		Linderland			[42500 - 42599]
 jenner.are		Cloud City			[42600 - 42799]
 zombie.are		Zombie Graveyard		[42800 - 42899]
 aquarius.are		Aquarius			[42900 - 42999]
 entropy.are		Tower of Entropy		[43000 - 43099]
 xanth.are		Xanth				[43100 - 43299]
 airship.are		Airship				[43300 - 43399]
 halifax.are		Ozukawa				[43400 - 43499]


 elliscity.are		Ellis City			[43700 - 43999]
 velminvillage.are	Velmin Village			[44000 - 44099]
 Oren.are		City of Dawn			[44100 - 44299]