hardcore/arena.are
hardcore/builder.are
hardcore/chakkor.are
hardcore/caravan.are
hardcore/dungeon.are
hardcore/easternocean.are
hardcore/entropy.are
hardcore/griffon.are
hardcore/help.are
hardcore/limbo.are
hardcore/merc.are
hardcore/reason.are
hardcore/roads.are
hardcore/southernocean.are
hardcore/training.are

newareas/dontarni.are
newareas/hobbiton.are

necentral/deeve.are
necentral/elvenempire.are
necentral/elvenvalley.are
necentral/firenewts.are
necentral/ofcol.are
necentral/plainsnorth.are
necentral/sundome.are
necentral/underworld.are

nwcentral/ordersdomain.are
nwcentral/forgotten.are
nwcentral/gahld.are
nwcentral/gilikak.are
nwcentral/kytar.are
nwcentral/ozukawa.are
nwcentral/wonderland.are
nwcentral/zaar.are

secentral/alchemist.are
secentral/arachnos.are
secentral/ecanyon.are
secentral/gnomevillage.are
secentral/haondor.are
secentral/hive.are
secentral/holyriver.are
secentral/honestbob.are
secentral/refuge.are
secentral/tanglewood.are
secentral/thalos.are
secentral/virtue.are
secentral/wedding.are

swcentral/arden.are
swcentral/avernus.are
swcentral/cityentropy.are
swcentral/dragonhaven.are
swcentral/gateway.are
swcentral/hirudinia.are
swcentral/kisangani.are
swcentral/kolvir.are
swcentral/marsh.are
swcentral/mictlan.are
swcentral/paragon.are
swcentral/cityofruins.are
swcentral/raptor.are
swcentral/swampland.are
swcentral/netherworld.are
swcentral/volcano.are
swcentral/wyvern.are

ncontinent/darkempire.are
ncontinent/demise.are
ncontinent/gnomeempire.are
ncontinent/isleofmist.are
ncontinent/landofnot.are
ncontinent/menosmaze.are
ncontinent/mistcity.are
ncontinent/oceancity.are
ncontinent/redknight.are
ncontinent/stasiscastle.are
ncontinent/stasisgarden.are
ncontinent/trollisland.are

econtinent/atlantis.are
econtinent/abyssaldepths.are
econtinent/crater.are
econtinent/holygrove.are
econtinent/manitoumarsh.are
econtinent/medusacastle.are
econtinent/midgaard.are
econtinent/monsterpit.are
econtinent/mooncity.are
econtinent/mushroom.are
econtinent/neptune.are
econtinent/olympus.are
econtinent/piscyra.are
econtinent/savant.are
econtinent/thalosold.are
econtinent/university.are
econtinent/whisperingwoods.are
econtinent/yggdrasil.are

scontinent/antarctica.are
scontinent/bosher.are
scontinent/keepmahntor.are
scontinent/sharthea.are

wcontinent/barrow.are
wcontinent/bomanz.are
wcontinent/calimara.are
wcontinent/elvencity.are
wcontinent/orcvillage.are
wcontinent/phoenixpeak.are
wcontinent/plainsfear.are
wcontinent/summer.are

iosolo/airship.are
iosolo/cityofdawn.are
iosolo/elliscity.are
iosolo/martherian.are
iosolo/myrlockoutpost.are
iosolo/northwoods.are
iosolo/velminvillage.are
iosolo/iosolo.are
iosolo/orderslanding.are

magiczone/cityeternity.are
magiczone/dreamwood.are
magiczone/magiczone.are

toril/anasazi.are
toril/ethshar.are
toril/faerdale.are
toril/hartsvale.are
toril/landover.are
toril/midian.are
toril/moonshae.are
toril/northpole.are
toril/paradise.are
toril/pern.are
toril/tethyr.are
toril/transylvania.are
toril/underdark.are
toril/waterdeep.are
toril/xanth.are

valdemar/easterneternal.are
valdemar/househorrors.are
valdemar/lostcitadel.are
valdemar/sarglam.are
valdemar/singase.are
valdemar/singasenew.are
valdemar/singaseold.are
valdemar/valdemar.are

castle/castles.are
$